EN rxcver NULL /nas/lrz/home/ge48lin/VHDL_SysDes_IDEA/rcs2/rxcver.vhd sub00/vhpl02 1768556612
AR idea_com_inner behavioral /nas/lrz/home/ge48lin/VHDL_SysDes_IDEA/rcs2/idea_com_inner.vhd sub00/vhpl11 1768556621
AR clk_div behavioral /nas/lrz/home/ge48lin/VHDL_SysDes_IDEA/rcs2/clk_div.vhd sub00/vhpl09 1768556619
AR addop behavioral /nas/lrz/home/ge48lin/VHDL_SysDes_IDEA/rcs2/addop.vhd sub00/vhpl17 1768556662
EN mulop NULL /nas/lrz/home/ge48lin/VHDL_SysDes_IDEA/rcs2/mulop.vhd sub00/vhpl14 1768556659
AR idea_rcs2 structural /nas/lrz/home/ge48lin/VHDL_SysDes_IDEA/rcs2/idea_rcs2.vhd sub00/vhpl07 1768556617
AR datapath structural /nas/lrz/home/ge48lin/VHDL_SysDes_IDEA/rcs2/datapath.vhd sub00/vhpl25 1768556670
EN datapath NULL /nas/lrz/home/ge48lin/VHDL_SysDes_IDEA/rcs2/datapath.vhd sub00/vhpl24 1768556669
EN addop NULL /nas/lrz/home/ge48lin/VHDL_SysDes_IDEA/rcs2/addop.vhd sub00/vhpl16 1768556661
EN idea_com NULL /nas/lrz/home/ge48lin/VHDL_SysDes_IDEA/rcs2/idea_com.vhd sub00/vhpl12 1768556622
EN idea_rcs2 NULL /nas/lrz/home/ge48lin/VHDL_SysDes_IDEA/rcs2/idea_rcs2.vhd sub00/vhpl06 1768556616
AR uart behavior /nas/lrz/home/ge48lin/VHDL_SysDes_IDEA/rcs2/uart.vhd sub00/vhpl05 1768556615
EN register_16bit NULL /nas/lrz/home/ge48lin/VHDL_SysDes_IDEA/rcs2/register_16bit.vhd sub00/vhpl18 1768556663
AR rxcver behavior /nas/lrz/home/ge48lin/VHDL_SysDes_IDEA/rcs2/rxcver.vhd sub00/vhpl03 1768556613
AR txmit behavior /nas/lrz/home/ge48lin/VHDL_SysDes_IDEA/rcs2/txmit.vhd sub00/vhpl01 1768556611
EN mux4x1 NULL /nas/lrz/home/ge48lin/VHDL_SysDes_IDEA/rcs2/mux4x1.vhd sub00/vhpl20 1768556665
AR mux4x1 behavioral /nas/lrz/home/ge48lin/VHDL_SysDes_IDEA/rcs2/mux4x1.vhd sub00/vhpl21 1768556666
AR idea_com behavioral /nas/lrz/home/ge48lin/VHDL_SysDes_IDEA/rcs2/idea_com.vhd sub00/vhpl13 1768556623
EN xorop NULL /nas/lrz/home/ge48lin/VHDL_SysDes_IDEA/rcs2/xorop.vhd sub00/vhpl22 1768556667
AR mulop behavioral /nas/lrz/home/ge48lin/VHDL_SysDes_IDEA/rcs2/mulop.vhd sub00/vhpl15 1768556660
EN txmit NULL /nas/lrz/home/ge48lin/VHDL_SysDes_IDEA/rcs2/txmit.vhd sub00/vhpl00 1768556610
AR register_16bit behavioral /nas/lrz/home/ge48lin/VHDL_SysDes_IDEA/rcs2/register_16bit.vhd sub00/vhpl19 1768556664
EN uart NULL /nas/lrz/home/ge48lin/VHDL_SysDes_IDEA/rcs2/uart.vhd sub00/vhpl04 1768556614
EN clockedround NULL /nas/lrz/home/ge48lin/VHDL_SysDes_IDEA/rcs2/clockedround.vhd sub00/vhpl26 1768556671
EN clk_div NULL /nas/lrz/home/ge48lin/VHDL_SysDes_IDEA/rcs2/clk_div.vhd sub00/vhpl08 1768556618
AR xorop behavioral /nas/lrz/home/ge48lin/VHDL_SysDes_IDEA/rcs2/xorop.vhd sub00/vhpl23 1768556668
EN idea_com_inner NULL /nas/lrz/home/ge48lin/VHDL_SysDes_IDEA/rcs2/idea_com_inner.vhd sub00/vhpl10 1768556620
